../Core/Src/main.c:94:5:main	8	static
../Core/Src/main.c:149:6:SystemClock_Config	88	static
../Core/Src/main.c:191:13:MX_ADC1_Init	24	static
../Core/Src/main.c:243:13:MX_ADC2_Init	24	static
../Core/Src/main.c:295:13:MX_I2C1_Init	8	static
../Core/Src/main.c:329:13:MX_TIM1_Init	96	static
../Core/Src/main.c:404:13:MX_TIM2_Init	56	static
../Core/Src/main.c:453:13:MX_TIM3_Init	56	static
../Core/Src/main.c:502:13:MX_TIM4_Init	48	static
../Core/Src/main.c:560:13:MX_TIM6_Init	16	static
../Core/Src/main.c:598:13:MX_TIM7_Init	16	static
../Core/Src/main.c:636:13:MX_TIM8_Init	96	static
../Core/Src/main.c:715:13:MX_USART3_UART_Init	8	static
../Core/Src/main.c:748:13:MX_GPIO_Init	48	static
../Core/Src/main.c:809:6:Error_Handler	4	static,ignoring_inline_asm
