../Core/Src/sensorstuff.c:21:14:LowPassFilter	24	static
../Core/Src/sensorstuff.c:26:14:ReadMagnetometerAngle	48	static
../Core/Src/sensorstuff.c:38:6:initializeSensors	32	static
../Core/Src/sensorstuff.c:59:6:sensors_us_trig	8	static
../Core/Src/sensorstuff.c:69:6:fetchUltrasoundSensorData	32	static
../Core/Src/sensorstuff.c:77:14:computeDistanceFromIrSensor	24	static
../Core/Src/sensorstuff.c:95:6:fetchIRSensorData	32	static
../Core/Src/sensorstuff.c:106:6:fetchGyroscopeZData	16	static
../Core/Src/sensorstuff.c:113:6:fetchAccelReadings	24	static
../Core/Src/sensorstuff.c:121:6:calculatedirection	32	static
../Core/Src/sensorstuff.c:125:6:calibrateSensorBias	56	static
